21:33:55 **** Build of configuration Debug for project 12_timers ****
make -j14 all 
arm-none-eabi-gcc "../Src/adc.c" -mcpu=cortex-m4 -std=gnu11 -g3 -DDEBUG -DSTM32 -DSTM32F4 -DSTM32F411RETx -DSTM32F411xE -c -I../Inc -I"C:/Users/NIVA/Downloads/stm32_baremetal/F4_chip_headers/CMSIS/Device/ST/STM32F4xx/Include" -I"C:/Users/NIVA/Downloads/stm32_baremetal/F4_chip_headers/CMSIS/Include" -O0 -ffunction-sections -fdata-sections -Wall -fstack-usage -fcyclomatic-complexity -MMD -MP -MF"Src/adc.d" -MT"Src/adc.o" --specs=nano.specs -mfpu=fpv4-sp-d16 -mfloat-abi=hard -mthumb -o "Src/adc.o"
arm-none-eabi-gcc "../Src/main.c" -mcpu=cortex-m4 -std=gnu11 -g3 -DDEBUG -DSTM32 -DSTM32F4 -DSTM32F411RETx -DSTM32F411xE -c -I../Inc -I"C:/Users/NIVA/Downloads/stm32_baremetal/F4_chip_headers/CMSIS/Device/ST/STM32F4xx/Include" -I"C:/Users/NIVA/Downloads/stm32_baremetal/F4_chip_headers/CMSIS/Include" -O0 -ffunction-sections -fdata-sections -Wall -fstack-usage -fcyclomatic-complexity -MMD -MP -MF"Src/main.d" -MT"Src/main.o" --specs=nano.specs -mfpu=fpv4-sp-d16 -mfloat-abi=hard -mthumb -o "Src/main.o"
arm-none-eabi-gcc "../Src/syscalls.c" -mcpu=cortex-m4 -std=gnu11 -g3 -DDEBUG -DSTM32 -DSTM32F4 -DSTM32F411RETx -DSTM32F411xE -c -I../Inc -I"C:/Users/NIVA/Downloads/stm32_baremetal/F4_chip_headers/CMSIS/Device/ST/STM32F4xx/Include" -I"C:/Users/NIVA/Downloads/stm32_baremetal/F4_chip_headers/CMSIS/Include" -O0 -ffunction-sections -fdata-sections -Wall -fstack-usage -fcyclomatic-complexity -MMD -MP -MF"Src/syscalls.d" -MT"Src/syscalls.o" --specs=nano.specs -mfpu=fpv4-sp-d16 -mfloat-abi=hard -mthumb -o "Src/syscalls.o"
arm-none-eabi-gcc "../Src/sysmem.c" -mcpu=cortex-m4 -std=gnu11 -g3 -DDEBUG -DSTM32 -DSTM32F4 -DSTM32F411RETx -DSTM32F411xE -c -I../Inc -I"C:/Users/NIVA/Downloads/stm32_baremetal/F4_chip_headers/CMSIS/Device/ST/STM32F4xx/Include" -I"C:/Users/NIVA/Downloads/stm32_baremetal/F4_chip_headers/CMSIS/Include" -O0 -ffunction-sections -fdata-sections -Wall -fstack-usage -fcyclomatic-complexity -MMD -MP -MF"Src/sysmem.d" -MT"Src/sysmem.o" --specs=nano.specs -mfpu=fpv4-sp-d16 -mfloat-abi=hard -mthumb -o "Src/sysmem.o"
arm-none-eabi-gcc "../Src/systick.c" -mcpu=cortex-m4 -std=gnu11 -g3 -DDEBUG -DSTM32 -DSTM32F4 -DSTM32F411RETx -DSTM32F411xE -c -I../Inc -I"C:/Users/NIVA/Downloads/stm32_baremetal/F4_chip_headers/CMSIS/Device/ST/STM32F4xx/Include" -I"C:/Users/NIVA/Downloads/stm32_baremetal/F4_chip_headers/CMSIS/Include" -O0 -ffunction-sections -fdata-sections -Wall -fstack-usage -fcyclomatic-complexity -MMD -MP -MF"Src/systick.d" -MT"Src/systick.o" --specs=nano.specs -mfpu=fpv4-sp-d16 -mfloat-abi=hard -mthumb -o "Src/systick.o"
arm-none-eabi-gcc "../Src/tim.c" -mcpu=cortex-m4 -std=gnu11 -g3 -DDEBUG -DSTM32 -DSTM32F4 -DSTM32F411RETx -DSTM32F411xE -c -I../Inc -I"C:/Users/NIVA/Downloads/stm32_baremetal/F4_chip_headers/CMSIS/Device/ST/STM32F4xx/Include" -I"C:/Users/NIVA/Downloads/stm32_baremetal/F4_chip_headers/CMSIS/Include" -O0 -ffunction-sections -fdata-sections -Wall -fstack-usage -fcyclomatic-complexity -MMD -MP -MF"Src/tim.d" -MT"Src/tim.o" --specs=nano.specs -mfpu=fpv4-sp-d16 -mfloat-abi=hard -mthumb -o "Src/tim.o"
arm-none-eabi-gcc "../Src/uart.c" -mcpu=cortex-m4 -std=gnu11 -g3 -DDEBUG -DSTM32 -DSTM32F4 -DSTM32F411RETx -DSTM32F411xE -c -I../Inc -I"C:/Users/NIVA/Downloads/stm32_baremetal/F4_chip_headers/CMSIS/Device/ST/STM32F4xx/Include" -I"C:/Users/NIVA/Downloads/stm32_baremetal/F4_chip_headers/CMSIS/Include" -O0 -ffunction-sections -fdata-sections -Wall -fstack-usage -fcyclomatic-complexity -MMD -MP -MF"Src/uart.d" -MT"Src/uart.o" --specs=nano.specs -mfpu=fpv4-sp-d16 -mfloat-abi=hard -mthumb -o "Src/uart.o"
arm-none-eabi-gcc -o "12_timers.elf" @"objects.list"   -mcpu=cortex-m4 -T"C:\Users\NIVA\Downloads\stm32_baremetal\12_timers\STM32F411RETX_FLASH.ld" --specs=nosys.specs -Wl,-Map="12_timers.map" -Wl,--gc-sections -static --specs=nano.specs -mfpu=fpv4-sp-d16 -mfloat-abi=hard -mthumb -Wl,--start-group -lc -lm -Wl,--end-group
Finished building target: 12_timers.elf
 
arm-none-eabi-size  12_timers.elf 
arm-none-eabi-objdump -h -S 12_timers.elf  > "12_timers.list"
   text	   data	    bss	    dec	    hex	filename
   5372	     92	   1900	   7364	   1cc4	12_timers.elf
Finished building: default.size.stdout
 
Finished building: 12_timers.list
 

21:33:57 Build Finished. 0 errors, 0 warnings. (took 2s.122ms)

