20:46:03 **** Incremental Build of configuration Debug for project 13_OutputCompare ****
make -j14 all 
arm-none-eabi-gcc "../Src/tim.c" -mcpu=cortex-m4 -std=gnu11 -g3 -DDEBUG -DSTM32 -DSTM32F4 -DSTM32F411RETx -DSTM32F411xE -c -I../Inc -I"C:/Users/NIVA/Downloads/stm32_baremetal/F4_chip_headers/CMSIS/Device/ST/STM32F4xx/Include" -I"C:/Users/NIVA/Downloads/stm32_baremetal/F4_chip_headers/CMSIS/Include" -O0 -ffunction-sections -fdata-sections -Wall -fstack-usage -fcyclomatic-complexity -MMD -MP -MF"Src/tim.d" -MT"Src/tim.o" --specs=nano.specs -mfpu=fpv4-sp-d16 -mfloat-abi=hard -mthumb -o "Src/tim.o"
arm-none-eabi-gcc -o "13_OutputCompare.elf" @"objects.list"   -mcpu=cortex-m4 -T"C:\Users\NIVA\Downloads\stm32_baremetal\13_OutputCompare\STM32F411RETX_FLASH.ld" --specs=nosys.specs -Wl,-Map="13_OutputCompare.map" -Wl,--gc-sections -static --specs=nano.specs -mfpu=fpv4-sp-d16 -mfloat-abi=hard -mthumb -Wl,--start-group -lc -lm -Wl,--end-group
Finished building target: 13_OutputCompare.elf
 
arm-none-eabi-size  13_OutputCompare.elf 
arm-none-eabi-objdump -h -S 13_OutputCompare.elf  > "13_OutputCompare.list"
   text	   data	    bss	    dec	    hex	filename
    808	      0	   1568	   2376	    948	13_OutputCompare.elf
Finished building: default.size.stdout
 
Finished building: 13_OutputCompare.list
 

20:46:05 Build Finished. 0 errors, 0 warnings. (took 1s.230ms)

