00:36:59 **** Build of configuration Debug for project 14_input_capture ****
make -j14 all 
arm-none-eabi-gcc "../Src/main.c" -mcpu=cortex-m4 -std=gnu11 -g3 -DDEBUG -DSTM32 -DSTM32F4 -DSTM32F411RETx -DSTM32F411xE -c -I../Inc -I"C:/Users/NIVA/Downloads/stm32_baremetal/F4_chip_headers/CMSIS/Device/ST/STM32F4xx/Include" -I"C:/Users/NIVA/Downloads/stm32_baremetal/F4_chip_headers/CMSIS/Include" -O0 -ffunction-sections -fdata-sections -Wall -fstack-usage -fcyclomatic-complexity -MMD -MP -MF"Src/main.d" -MT"Src/main.o" --specs=nano.specs -mfpu=fpv4-sp-d16 -mfloat-abi=hard -mthumb -o "Src/main.o"
arm-none-eabi-gcc "../Src/tim.c" -mcpu=cortex-m4 -std=gnu11 -g3 -DDEBUG -DSTM32 -DSTM32F4 -DSTM32F411RETx -DSTM32F411xE -c -I../Inc -I"C:/Users/NIVA/Downloads/stm32_baremetal/F4_chip_headers/CMSIS/Device/ST/STM32F4xx/Include" -I"C:/Users/NIVA/Downloads/stm32_baremetal/F4_chip_headers/CMSIS/Include" -O0 -ffunction-sections -fdata-sections -Wall -fstack-usage -fcyclomatic-complexity -MMD -MP -MF"Src/tim.d" -MT"Src/tim.o" --specs=nano.specs -mfpu=fpv4-sp-d16 -mfloat-abi=hard -mthumb -o "Src/tim.o"
arm-none-eabi-gcc -o "14_input_capture.elf" @"objects.list"   -mcpu=cortex-m4 -T"C:\Users\NIVA\Downloads\stm32_baremetal\14_input_capture\STM32F411RETX_FLASH.ld" --specs=nosys.specs -Wl,-Map="14_input_capture.map" -Wl,--gc-sections -static --specs=nano.specs -mfpu=fpv4-sp-d16 -mfloat-abi=hard -mthumb -Wl,--start-group -lc -lm -Wl,--end-group
Finished building target: 14_input_capture.elf
 
arm-none-eabi-size  14_input_capture.elf 
arm-none-eabi-objdump -h -S 14_input_capture.elf  > "14_input_capture.list"
   text	   data	    bss	    dec	    hex	filename
    956	      0	   1568	   2524	    9dc	14_input_capture.elf
Finished building: default.size.stdout
 
Finished building: 14_input_capture.list
 

00:37:01 Build Finished. 0 errors, 0 warnings. (took 1s.942ms)

