21:12:40 **** Incremental Build of configuration Debug for project 6_uart_printf ****
make -j14 all 
arm-none-eabi-gcc "../Src/main.c" -mcpu=cortex-m4 -std=gnu11 -g3 -DDEBUG -DSTM32 -DSTM32F4 -DSTM32F411RETx -DSTM32F411xE -c -I../Inc -I"C:/Users/NIVA/Downloads/stm32_baremetal/F4_chip_headers/CMSIS/Device/ST/STM32F4xx/Include" -I"C:/Users/NIVA/Downloads/stm32_baremetal/F4_chip_headers/CMSIS/Include" -O0 -ffunction-sections -fdata-sections -Wall -fstack-usage -fcyclomatic-complexity -MMD -MP -MF"Src/main.d" -MT"Src/main.o" --specs=nano.specs -mfpu=fpv4-sp-d16 -mfloat-abi=hard -mthumb -o "Src/main.o"
arm-none-eabi-gcc -o "6_uart_printf.elf" @"objects.list"   -mcpu=cortex-m4 -T"C:\Users\NIVA\Downloads\stm32_baremetal\6_uart_printf\STM32F411RETX_FLASH.ld" --specs=nosys.specs -Wl,-Map="6_uart_printf.map" -Wl,--gc-sections -static --specs=nano.specs -mfpu=fpv4-sp-d16 -mfloat-abi=hard -mthumb -Wl,--start-group -lc -lm -Wl,--end-group
Finished building target: 6_uart_printf.elf
 
arm-none-eabi-size  6_uart_printf.elf 
arm-none-eabi-objdump -h -S 6_uart_printf.elf  > "6_uart_printf.list"
   text	   data	    bss	    dec	    hex	filename
   5148	     92	   1900	   7140	   1be4	6_uart_printf.elf
Finished building: default.size.stdout
 
Finished building: 6_uart_printf.list
 

21:12:42 Build Finished. 0 errors, 0 warnings. (took 1s.942ms)

