12:19:44 **** Build of configuration Debug for project 18_systick_interrupt ****
make -j14 all 
arm-none-eabi-gcc "../Src/adc.c" -mcpu=cortex-m4 -std=gnu11 -g3 -DDEBUG -DSTM32 -DSTM32F4 -DSTM32F411RETx -DSTM32F411xE -c -I../Inc -I"C:/Users/NIVA/Downloads/stm32_baremetal/F4_chip_headers/CMSIS/Device/ST/STM32F4xx/Include" -I"C:/Users/NIVA/Downloads/stm32_baremetal/F4_chip_headers/CMSIS/Include" -O0 -ffunction-sections -fdata-sections -Wall -fstack-usage -fcyclomatic-complexity -MMD -MP -MF"Src/adc.d" -MT"Src/adc.o" --specs=nano.specs -mfpu=fpv4-sp-d16 -mfloat-abi=hard -mthumb -o "Src/adc.o"
arm-none-eabi-gcc "../Src/main.c" -mcpu=cortex-m4 -std=gnu11 -g3 -DDEBUG -DSTM32 -DSTM32F4 -DSTM32F411RETx -DSTM32F411xE -c -I../Inc -I"C:/Users/NIVA/Downloads/stm32_baremetal/F4_chip_headers/CMSIS/Device/ST/STM32F4xx/Include" -I"C:/Users/NIVA/Downloads/stm32_baremetal/F4_chip_headers/CMSIS/Include" -O0 -ffunction-sections -fdata-sections -Wall -fstack-usage -fcyclomatic-complexity -MMD -MP -MF"Src/main.d" -MT"Src/main.o" --specs=nano.specs -mfpu=fpv4-sp-d16 -mfloat-abi=hard -mthumb -o "Src/main.o"
arm-none-eabi-gcc "../Src/systick.c" -mcpu=cortex-m4 -std=gnu11 -g3 -DDEBUG -DSTM32 -DSTM32F4 -DSTM32F411RETx -DSTM32F411xE -c -I../Inc -I"C:/Users/NIVA/Downloads/stm32_baremetal/F4_chip_headers/CMSIS/Device/ST/STM32F4xx/Include" -I"C:/Users/NIVA/Downloads/stm32_baremetal/F4_chip_headers/CMSIS/Include" -O0 -ffunction-sections -fdata-sections -Wall -fstack-usage -fcyclomatic-complexity -MMD -MP -MF"Src/systick.d" -MT"Src/systick.o" --specs=nano.specs -mfpu=fpv4-sp-d16 -mfloat-abi=hard -mthumb -o "Src/systick.o"
arm-none-eabi-gcc -o "18_systick_interrupt.elf" @"objects.list"   -mcpu=cortex-m4 -T"C:\Users\NIVA\Downloads\stm32_baremetal\18_systick_interrupt\STM32F411RETX_FLASH.ld" --specs=nosys.specs -Wl,-Map="18_systick_interrupt.map" -Wl,--gc-sections -static --specs=nano.specs -mfpu=fpv4-sp-d16 -mfloat-abi=hard -mthumb -Wl,--start-group -lc -lm -Wl,--end-group
Finished building target: 18_systick_interrupt.elf
 
arm-none-eabi-size  18_systick_interrupt.elf 
arm-none-eabi-objdump -h -S 18_systick_interrupt.elf  > "18_systick_interrupt.list"
   text	   data	    bss	    dec	    hex	filename
   5360	     92	   1900	   7352	   1cb8	18_systick_interrupt.elf
Finished building: default.size.stdout
 
Finished building: 18_systick_interrupt.list
 
